\BOOKMARK [0][-]{chapter*.1}{\376\377\001\014\000e\000s\000t\000n\000\351\000\040\000p\000r\000e\000h\000l\000\341\000s\000e\000n\000i\000e}{}% 1
\BOOKMARK [0][-]{chapter*.2}{\376\377\000P\000o\001\017\000a\000k\000o\000v\000a\000n\000i\000e}{}% 2
\BOOKMARK [0][-]{chapter*.5}{\376\377\000Z\000o\000z\000n\000a\000m\000\040\000s\000k\000r\000a\000t\000i\000e\000k}{}% 3
\BOOKMARK [0][-]{chapter*.6}{\376\377\000\332\000v\000o\000d}{}% 4
\BOOKMARK [-1][-]{chapter*.6}{\376\377\000T\000E\000O\000R\000E\000T\000I\000C\000K\000\301\000\040\001\014\000A\000S\001\144}{}% 5
\BOOKMARK [0][-]{chapter.1}{\376\377\000R\000i\000e\001\141\000e\000n\000\341\000\040\000p\000r\000o\000b\000l\000e\000m\000a\000t\000i\000k\000a}{chapter*.6}% 6
\BOOKMARK [1][-]{section.1.1}{\376\377\000P\000o\000p\000i\000s\000\040\000p\000r\000o\000b\000l\000\351\000m\000u}{chapter.1}% 7
\BOOKMARK [1][-]{section.1.2}{\376\377\000S\000\372\001\015\000a\000s\000n\000\351\000\040\000r\000i\000e\001\141\000e\000n\000i\000a}{chapter.1}% 8
\BOOKMARK [1][-]{section.1.3}{\376\377\000P\000o\001\176\000i\000a\000d\000a\000v\000k\000y\000\040\000n\000a\000\040\000s\000y\000s\000t\000\351\000m}{chapter.1}% 9
\BOOKMARK [0][-]{chapter.2}{\376\377\000C\000i\000e\001\076\000\040\000p\000r\000\341\000c\000e}{chapter*.6}% 10
\BOOKMARK [0][-]{chapter.3}{\376\377\000P\000o\000u\001\176\000i\000t\000\351\000\040\000t\000e\000c\000h\000n\000o\000l\000\363\000g\000i\000e}{chapter*.6}% 11
\BOOKMARK [1][-]{section.3.1}{\376\377\000B\000a\000c\000k\000e\000n\000d}{chapter.3}% 12
\BOOKMARK [2][-]{subsection.3.1.1}{\376\377\000P\000y\000t\000h\000o\000n}{section.3.1}% 13
\BOOKMARK [2][-]{subsection.3.1.2}{\376\377\000F\000l\000a\000s\000k\000\040\000F\000r\000a\000m\000e\000w\000o\000r\000k}{section.3.1}% 14
\BOOKMARK [2][-]{subsection.3.1.3}{\376\377\000P\000o\000u\001\176\000i\000t\000\351\000\040\000k\000n\000i\001\176\000n\000i\000c\000e\000\040\000a\000\040\000m\000o\000d\000u\000l\000y}{section.3.1}% 15
\BOOKMARK [1][-]{section.3.2}{\376\377\000F\000r\000o\000n\000t\000e\000n\000d}{chapter.3}% 16
\BOOKMARK [2][-]{subsection.3.2.1}{\376\377\000H\000T\000M\000L\000\040\000a\000\040\000J\000i\000n\000j\000a\0002\000\040\001\140\000a\000b\000l\000\363\000n\000y}{section.3.2}% 17
\BOOKMARK [2][-]{subsection.3.2.2}{\376\377\000J\000a\000v\000a\000S\000c\000r\000i\000p\000t\000\040\000a\000\040\000I\000n\000t\000e\000r\000a\000k\000t\000i\000v\000i\000t\000a}{section.3.2}% 18
\BOOKMARK [2][-]{subsection.3.2.3}{\376\377\000R\000e\000s\000p\000o\000n\000z\000\355\000v\000n\000y\000\040\000D\000i\000z\000a\000j\000n}{section.3.2}% 19
\BOOKMARK [1][-]{section.3.3}{\376\377\000D\000a\000t\000a\000b\000\341\000z\000a}{chapter.3}% 20
\BOOKMARK [2][-]{subsection.3.3.1}{\376\377\000S\000Q\000L\000i\000t\000e}{section.3.3}% 21
\BOOKMARK [1][-]{section.3.4}{\376\377\000O\000s\000t\000a\000t\000n\000\351\000\040\000n\000\341\000s\000t\000r\000o\000j\000e}{chapter.3}% 22
\BOOKMARK [2][-]{subsection.3.4.1}{\376\377\000A\000I\000\040\000a\000\040\000L\000L\000M\000\040\000I\000n\000t\000e\000g\000r\000\341\000c\000i\000a}{section.3.4}% 23
\BOOKMARK [2][-]{subsection.3.4.2}{\376\377\000K\000n\000i\001\176\000n\000i\000c\000e\000\040\000p\000r\000e\000\040\000D\000o\000k\000u\000m\000e\000n\000t\000y}{section.3.4}% 24
\BOOKMARK [2][-]{subsection.3.4.3}{\376\377\000V\000e\000r\000z\000i\000a\000\040\000K\000o\000n\000t\000r\000o\000l\000a\000\040\000a\000\040\000D\000e\000p\000l\000o\000y\000m\000e\000n\000t}{section.3.4}% 25
\BOOKMARK [2][-]{subsection.3.4.4}{\376\377\000B\000e\000z\000p\000e\001\015\000n\000o\000s\001\145\000\040\000a\000\040\000O\000v\000e\000r\000o\000v\000a\000n\000i\000e}{section.3.4}% 26
\BOOKMARK [2][-]{subsection.3.4.5}{\376\377\000V\000\375\000k\000o\000n\000\040\000a\000\040\000C\000a\000c\000h\000i\000n\000g}{section.3.4}% 27
\BOOKMARK [-1][-]{subsection.3.4.5}{\376\377\000P\000R\000A\000K\000T\000I\000C\000K\000\301\000\040\001\014\000A\000S\001\144}{}% 28
\BOOKMARK [0][-]{chapter.4}{\376\377\000D\000i\000z\000a\000j\000n\000\040\000a\000\040\000a\000r\000c\000h\000i\000t\000e\000k\000t\000\372\000r\000a}{subsection.3.4.5}% 29
\BOOKMARK [1][-]{section.4.1}{\376\377\000A\000r\000c\000h\000i\000t\000e\000k\000t\000\372\000r\000a\000\040\000s\000y\000s\000t\000\351\000m\000u}{chapter.4}% 30
\BOOKMARK [1][-]{section.4.2}{\376\377\001\140\000t\000r\000u\000k\000t\000\372\000r\000a\000\040\000p\000r\000o\000j\000e\000k\000t\000u}{chapter.4}% 31
\BOOKMARK [1][-]{section.4.3}{\376\377\000P\000o\000u\001\176\000\355\000v\000a\000t\000e\001\076\000s\000k\000\351\000\040\000r\000o\000z\000h\000r\000a\000n\000i\000e}{chapter.4}% 32
\BOOKMARK [0][-]{chapter.5}{\376\377\000D\000a\000t\000a\000b\000\341\000z\000o\000v\000\375\000\040\000m\000o\000d\000e\000l}{subsection.3.4.5}% 33
\BOOKMARK [0][-]{chapter.6}{\376\377\000A\000u\000t\000e\000n\000t\000i\000f\000i\000k\000\341\000c\000i\000a}{subsection.3.4.5}% 34
\BOOKMARK [1][-]{section.6.1}{\376\377\000R\000e\000g\000i\000s\000t\000r\000\341\000c\000i\000a}{chapter.6}% 35
\BOOKMARK [1][-]{section.6.2}{\376\377\000P\000r\000i\000h\000l\000\341\000s\000e\000n\000i\000e}{chapter.6}% 36
\BOOKMARK [1][-]{section.6.3}{\376\377\000S\000p\000r\000\341\000v\000a\000\040\000r\000e\000l\000\341\000c\000i\000e}{chapter.6}% 37
\BOOKMARK [0][-]{chapter.7}{\376\377\000P\000r\000o\000j\000e\000k\000t\000y\000\040\000a\000\040\000\372\000l\000o\000h\000y}{subsection.3.4.5}% 38
\BOOKMARK [1][-]{section.7.1}{\376\377\000S\000p\000r\000\341\000v\000a\000\040\000p\000r\000o\000j\000e\000k\000t\000o\000v}{chapter.7}% 39
\BOOKMARK [1][-]{section.7.2}{\376\377\000S\000p\000r\000\341\000v\000a\000\040\000\372\000l\000o\000h}{chapter.7}% 40
\BOOKMARK [1][-]{section.7.3}{\376\377\000P\000r\000i\000r\000a\000d\000e\000n\000i\000e\000\040\001\015\000l\000e\000n\000o\000v}{chapter.7}% 41
\BOOKMARK [0][-]{chapter.8}{\376\377\000D\000o\000k\000u\000m\000e\000n\000t\000y}{subsection.3.4.5}% 42
\BOOKMARK [1][-]{section.8.1}{\376\377\000T\000v\000o\000r\000b\000a\000\040\000d\000o\000k\000u\000m\000e\000n\000t\000o\000v}{chapter.8}% 43
\BOOKMARK [1][-]{section.8.2}{\376\377\000Z\000d\000i\000e\001\076\000a\000n\000i\000e\000\040\000d\000o\000k\000u\000m\000e\000n\000t\000o\000v}{chapter.8}% 44
\BOOKMARK [0][-]{chapter.9}{\376\377\000A\000I\000\040\000C\000h\000a\000t}{subsection.3.4.5}% 45
\BOOKMARK [1][-]{section.9.1}{\376\377\000I\000n\000t\000e\000g\000r\000\341\000c\000i\000a\000\040\000A\000I}{chapter.9}% 46
\BOOKMARK [1][-]{section.9.2}{\376\377\000R\000o\000z\000h\000r\000a\000n\000i\000e\000\040\000c\000h\000a\000t\000u}{chapter.9}% 47
\BOOKMARK [0][-]{chapter.10}{\376\377\000D\000a\000s\000h\000b\000o\000a\000r\000d}{subsection.3.4.5}% 48
\BOOKMARK [1][-]{section.10.1}{\376\377\000P\000r\000e\000h\001\076\000a\000d\000\040\000a\000\040\000\372\000v\000o\000d\000n\000\351\000\040\000i\000n\000f\000o\000r\000m\000\341\000c\000i\000e}{chapter.10}% 49
\BOOKMARK [1][-]{section.10.2}{\376\377\000A\000I\000-\000a\000s\000i\000s\000t\000o\000v\000a\000n\000\351\000\040\000p\000o\000z\000n\000a\000t\000k\000y}{chapter.10}% 50
\BOOKMARK [2][-]{subsection.10.2.1}{\376\377\000T\000y\000p\000y\000\040\000p\000o\000z\000n\000a\000t\000k\000o\000v}{section.10.2}% 51
\BOOKMARK [1][-]{section.10.3}{\376\377\000S\000l\000e\000d\000o\000v\000a\000n\000i\000e\000\040\000p\000r\000i\000o\000r\000i\000t\000n\000\375\000c\000h\000\040\000p\000r\000o\000j\000e\000k\000t\000o\000v}{chapter.10}% 52
\BOOKMARK [1][-]{section.10.4}{\376\377\000V\000y\000h\001\076\000a\000d\000\341\000v\000a\000n\000i\000e}{chapter.10}% 53
\BOOKMARK [1][-]{section.10.5}{\376\377\000B\000e\000z\000p\000e\001\015\000n\000o\000s\001\145\000\040\000a\000\040\000o\000p\000r\000\341\000v\000n\000e\000n\000i\000a}{chapter.10}% 54
\BOOKMARK [0][-]{chapter*.21}{\376\377\000Z\000\341\000v\000e\000r}{subsection.3.4.5}% 55
